// Jest Snapshot v1, https://goo.gl/fbAQLP

exports[`recipe details view renders 1`] = `
<div id="recipe-detail">
  <div class="container">
    <div class="col-12 mx-auto">
      <div class="row" style="padding-top: 2rem;">
        <h2><strong>carrot cake</strong></h2>
      </div>
      <div class="row" style="padding-top: 2rem;">
        <div class="col-10 mx-auto">
          <table aria-label="Recipes details table" class="table table-striped">
            <thead>
              <th scope="col">Ingredient</th>
              <th scope="col">Amount</th>
              <th scope="col">Unit</th>
              <th scope="col">Cost</th>
              <th scope="col">U. cost</th>
            </thead>
            <tbody></tbody>
          </table>
          <div class="col-12" style="padding-top: 2rem;">
            <form id="recipesForm">
              <div class="row g-1">
                <div class="col-md-2  ms-auto"><select id="selectedIngredient" aria-label="Select ingredient" required="required" class="form-select">
                    <option value="0">carrot (gram)</option>
                    <option value="1">cream (centiliter)</option>
                  </select></div>
                <div class="col-md-1 "><input type="number" id="inputAmount" placeholder="Amount" aria-label="Amount" min=".01" step=".01" required="required" class="form-control"></div>
                <div class="col-md-3 "><button type="button" id="clearBtn" class="btn btn-outline-secondary float-start"><img src="../assets/img/backspace.svg" alt="Clear"></button> <button type="submit" id="submitBtn" class="btn btn-success float-start" style="margin-left: 0.25rem;"><img src="../assets/img/plus-circle.svg" alt="Add"></button></div>
              </div>
            </form>
          </div>
          <h5><strong>Total cost: â‚¬</strong></h5>
        </div>
      </div>
    </div>
  </div>
</div>
`;
